=== LANES eccentric lane ladder ===  GAP span = 27.0x (1.85e-03 -> 5.00e-02 scaled)

--- Part 2: LANE SPECTRUM (power-weighted usable band, A2 anchor) ---
   e n_peak n_min n_max   span fund?    widest     tight reach.05? maxgap_dex
 0.1      2     2     3    1.5 False  1.85e-03  1.23e-03     False      0.176
 0.3      3     2     6    3.0 False  2.78e-03  9.25e-04     False      0.176
 0.5      4     2    11    5.5 False  3.70e-03  6.73e-04     False      0.176
 0.7     10     3    27    9.0 False  6.17e-03  6.85e-04     False      0.125
 0.9     51    11   153   13.9 False  8.58e-03  6.17e-04     False      0.038

--- Part 2b: same, RESIDUAL-SNR-weighted usable band (A4) ---
   e n_peak n_min n_max   span fund?    widest reach.05?
 0.1      2     2     2    1.0 False  1.85e-03     False
 0.3      2     1     3    3.0  True  3.70e-03     False
 0.5      1     1     5    5.0  True  1.85e-03     False
 0.7      1     1     4    4.0  True  1.85e-03     False
 0.9      1     1     2    2.0  True  1.85e-03     False

  MIN e to bridge (widest usable lane >= 0.05):
    power-weighted band : e_min = None
    snr-weighted   band : e_min = None

--- Part 3: SNR TAX (per-lane cert budget 0.5*SNR_n^2, SNR_tot=15) ---
   e n_lanes  min_budget  max_budget    widest reach?
 0.1       1     107.335     107.335  1.85e-03  False
0.15       3       5.151     101.114  3.70e-03  False
 0.2       3       8.454      92.834  3.70e-03  False
0.25       3      11.894      82.894  3.70e-03  False
 0.3       3      15.012      71.776  3.70e-03  False
0.35       4       3.689      60.015  3.70e-03  False
 0.4       4       5.153      48.169  3.70e-03  False
0.45       4       6.512      47.409  1.85e-03  False
 0.5       5       2.922      56.337  1.85e-03  False
0.55       5       3.672      65.247  1.85e-03  False
 0.6       5       4.135      73.852  1.85e-03  False
0.65       5       4.144      81.842  1.85e-03  False
 0.7       3       4.937      88.875  1.85e-03  False
0.75       1      94.580      94.580  1.85e-03  False
 0.8       1      98.547      98.547  1.85e-03  False
0.85       1     100.325     100.325  1.85e-03  False
 0.9       2       7.977      99.412  1.85e-03  False
0.95       2      11.373      95.236  1.85e-03  False

--- Part 4: EVOLUTION ENVELOPE (pulsar-lag fundamental de-coherence) ---
 Mc(Msun)  f_orb(Hz)  tau(kyr)   e0    dfrac_f        de  dphi/cyc K_eff~1?
    1e+08      1e-09       1.0  0.3  -4.45e-06  1.04e-06  2.79e-05    False
    1e+08      1e-09       1.0  0.7  -6.82e-05  1.19e-05  4.29e-04    False
    1e+08      1e-09       3.0  0.3  -1.33e-05  3.12e-06  8.38e-05    False
    1e+08      1e-09       3.0  0.7  -2.05e-04  3.57e-05  1.29e-03    False
    1e+08      1e-09      10.0  0.3  -4.45e-05  1.04e-05  2.79e-04    False
    1e+08      1e-09      10.0  0.7  -6.82e-04  1.19e-04  4.29e-03    False
    1e+08      3e-09       1.0  0.3  -8.32e-05  1.95e-05  5.23e-04    False
    1e+08      3e-09       1.0  0.7  -1.28e-03  2.23e-04  8.02e-03    False
    1e+08      3e-09       3.0  0.3  -2.50e-04  5.84e-05  1.57e-03    False
    1e+08      3e-09       3.0  0.7  -3.82e-03  6.67e-04  2.40e-02    False
    1e+08      3e-09      10.0  0.3  -8.31e-04  1.94e-04  5.22e-03    False
    1e+08      3e-09      10.0  0.7  -1.26e-02  2.21e-03  7.94e-02    False
    1e+08      1e-08       1.0  0.3  -2.06e-03  4.82e-04  1.29e-02    False
    1e+08      1e-08       1.0  0.7  -3.09e-02  5.43e-03  1.94e-01    False
    1e+08      1e-08       3.0  0.3  -6.14e-03  1.44e-03  3.86e-02    False
    1e+08      1e-08       3.0  0.7  -8.80e-02  1.57e-02  5.53e-01    False
    1e+08      1e-08      10.0  0.3  -2.01e-02  4.75e-03  1.26e-01    False
    1e+08      1e-08      10.0  0.7  -2.50e-01  4.69e-02  1.57e+00    False
    1e+09      1e-09       1.0  0.3  -2.06e-04  4.82e-05  1.30e-03    False
    1e+09      1e-09       1.0  0.7  -3.16e-03  5.51e-04  1.99e-02    False
    1e+09      1e-09       3.0  0.3  -6.19e-04  1.45e-04  3.89e-03    False
    1e+09      1e-09       3.0  0.7  -9.43e-03  1.65e-03  5.92e-02    False
    1e+09      1e-09      10.0  0.3  -2.06e-03  4.82e-04  1.29e-02    False
    1e+09      1e-09      10.0  0.7  -3.09e-02  5.43e-03  1.94e-01    False
    1e+09      3e-09       1.0  0.3  -3.84e-03  9.01e-04  2.41e-02    False
    1e+09      3e-09       1.0  0.7  -5.65e-02  1.00e-02  3.55e-01    False
    1e+09      3e-09       3.0  0.3  -1.14e-02  2.69e-03  7.17e-02    False
    1e+09      3e-09       3.0  0.7  -1.55e-01  2.82e-02  9.73e-01    False
    1e+09      3e-09      10.0  0.3  -3.67e-02  8.79e-03  2.30e-01    False
    1e+09      3e-09      10.0  0.7  -3.96e-01  7.78e-02  2.49e+00    False
    1e+09      1e-08       1.0  0.3  -8.47e-02  2.10e-02  5.32e-01    False
    1e+09      1e-08       1.0  0.7  -6.53e-01  1.42e-01  4.10e+00     True
    1e+09      1e-08       3.0  0.3  -2.08e-01  5.65e-02  1.31e+00    False
    1e+09      1e-08       3.0  0.7  -8.98e-01  2.28e-01  5.64e+00     True
    1e+09      1e-08      10.0  0.3  -4.41e-01  1.44e-01  2.77e+00    False
    1e+09      1e-08      10.0  0.7  -9.89e-01  2.83e-01  6.21e+00     True
    5e+09      1e-09       1.0  0.3  -3.00e-03  7.04e-04  1.89e-02    False
    5e+09      1e-09       1.0  0.7  -4.46e-02  7.87e-03  2.80e-01    False
    5e+09      1e-09       3.0  0.3  -8.94e-03  2.10e-03  5.62e-02    False
    5e+09      1e-09       3.0  0.7  -1.25e-01  2.25e-02  7.82e-01    False
    5e+09      1e-09      10.0  0.3  -2.90e-02  6.90e-03  1.82e-01    False
    5e+09      1e-09      10.0  0.7  -3.34e-01  6.42e-02  2.10e+00    False
    5e+09      3e-09       1.0  0.3  -5.24e-02  1.27e-02  3.29e-01    False
    5e+09      3e-09       1.0  0.7  -5.01e-01  1.02e-01  3.15e+00     True
    5e+09      3e-09       3.0  0.3  -1.38e-01  3.55e-02  8.67e-01    False
    5e+09      3e-09       3.0  0.7  -8.00e-01  1.89e-01  5.02e+00     True
    5e+09      3e-09      10.0  0.3  -3.29e-01  9.78e-02  2.07e+00    False
    5e+09      3e-09      10.0  0.7  -9.67e-01  2.65e-01  6.07e+00     True
    5e+09      1e-08       1.0  0.3  -5.27e-01  1.85e-01  3.31e+00     True
    5e+09      1e-08       1.0  0.7  -9.95e-01  2.90e-01  6.25e+00     True
    5e+09      1e-08       3.0  0.3  -7.59e-01  3.38e-01  4.77e+00     True
    5e+09      1e-08       3.0  0.7  -1.00e+00  2.99e-01  6.28e+00     True
    5e+09      1e-08      10.0  0.3  -9.26e-01  5.21e-01  5.82e+00     True
    5e+09      1e-08      10.0  0.7  -1.00e+00  2.99e-01  6.28e+00     True

saved lanes_eccentric_ladder.npz
